13:41:07  INFO      pipeline.orchestrator -- ╔══════════════════════════════════════════════════════════════════════╗
13:41:07  INFO      pipeline.orchestrator -- ║   ESA — Enterprise Semantic Analytics  Full Pipeline Orchestrator   ║
13:41:07  INFO      pipeline.orchestrator -- ╚══════════════════════════════════════════════════════════════════════╝
13:41:07  INFO      pipeline.orchestrator -- 
13:41:07  INFO      pipeline.orchestrator --   Architecture: CENtree → Lambda → S3 → Neptune + OpenSearch + RAG
13:41:07  INFO      pipeline.orchestrator --   Local POC   : Turtle → PyOxigraph → local_bucket → ChromaDB → Neo4j
13:41:07  INFO      pipeline.orchestrator -- 
13:41:07  INFO      pipeline.orchestrator --   Steps to run: [1, 2, 3, 4, 5, 6, 7]
13:41:07  INFO      pipeline.orchestrator --   Master log  : C:\Users\gourav.pattnaik\Downloads\ESL_Local-main\ESL_Local-main\logs\run_pipeline_20260930_134107.log
13:41:07  INFO      pipeline.orchestrator -- 
13:41:07  INFO      pipeline.orchestrator -- ━━━━━━━━━━━━━━━━━━━━━━━━━━━━━━━━━━━━━━━━━━━━━━━━━━━━━━━━━━━━━━━━━━━━━━━━
13:41:07  INFO      pipeline.orchestrator --   ▶ STEP 1 / 7 : Ontology / T-Box Ingestion
13:41:07  INFO      pipeline.orchestrator -- ━━━━━━━━━━━━━━━━━━━━━━━━━━━━━━━━━━━━━━━━━━━━━━━━━━━━━━━━━━━━━━━━━━━━━━━━
13:41:07  INFO      pipeline.orchestrator --   Running: C:\Users\gourav.pattnaik\Downloads\ESL_Local-main\ESL_Local-main\.venv\Scripts\python.exe C:\Users\gourav.pattnaik\Downloads\ESL_Local-main\ESL_Local-main\scripts\step1_ontology_tbox.py
13:41:10  INFO      pipeline.orchestrator --   ✓ Step 1 complete in 2.5s
13:41:10  INFO      pipeline.orchestrator -- 
13:41:10  INFO      pipeline.orchestrator -- ━━━━━━━━━━━━━━━━━━━━━━━━━━━━━━━━━━━━━━━━━━━━━━━━━━━━━━━━━━━━━━━━━━━━━━━━
13:41:10  INFO      pipeline.orchestrator --   ▶ STEP 2 / 7 : Metadata Normalisation
13:41:10  INFO      pipeline.orchestrator -- ━━━━━━━━━━━━━━━━━━━━━━━━━━━━━━━━━━━━━━━━━━━━━━━━━━━━━━━━━━━━━━━━━━━━━━━━
13:41:10  INFO      pipeline.orchestrator --   Running: C:\Users\gourav.pattnaik\Downloads\ESL_Local-main\ESL_Local-main\.venv\Scripts\python.exe C:\Users\gourav.pattnaik\Downloads\ESL_Local-main\ESL_Local-main\scripts\step2_metadata_normalisation.py
13:41:13  INFO      pipeline.orchestrator --   ✓ Step 2 complete in 2.8s
13:41:13  INFO      pipeline.orchestrator -- 
13:41:13  INFO      pipeline.orchestrator -- ━━━━━━━━━━━━━━━━━━━━━━━━━━━━━━━━━━━━━━━━━━━━━━━━━━━━━━━━━━━━━━━━━━━━━━━━
13:41:13  INFO      pipeline.orchestrator --   ▶ STEP 3 / 7 : Semantic Mapping
13:41:13  INFO      pipeline.orchestrator -- ━━━━━━━━━━━━━━━━━━━━━━━━━━━━━━━━━━━━━━━━━━━━━━━━━━━━━━━━━━━━━━━━━━━━━━━━
13:41:13  INFO      pipeline.orchestrator --   Running: C:\Users\gourav.pattnaik\Downloads\ESL_Local-main\ESL_Local-main\.venv\Scripts\python.exe C:\Users\gourav.pattnaik\Downloads\ESL_Local-main\ESL_Local-main\scripts\step3_semantic_mapping.py
13:41:15  INFO      pipeline.orchestrator --   ✓ Step 3 complete in 2.2s
13:41:15  INFO      pipeline.orchestrator -- 
13:41:15  INFO      pipeline.orchestrator -- ━━━━━━━━━━━━━━━━━━━━━━━━━━━━━━━━━━━━━━━━━━━━━━━━━━━━━━━━━━━━━━━━━━━━━━━━
13:41:15  INFO      pipeline.orchestrator --   ▶ STEP 4 / 7 : Entity Resolution
13:41:15  INFO      pipeline.orchestrator -- ━━━━━━━━━━━━━━━━━━━━━━━━━━━━━━━━━━━━━━━━━━━━━━━━━━━━━━━━━━━━━━━━━━━━━━━━
13:41:15  INFO      pipeline.orchestrator --   Running: C:\Users\gourav.pattnaik\Downloads\ESL_Local-main\ESL_Local-main\.venv\Scripts\python.exe C:\Users\gourav.pattnaik\Downloads\ESL_Local-main\ESL_Local-main\scripts\step4_entity_resolution.py
13:41:18  INFO      pipeline.orchestrator --   ✓ Step 4 complete in 2.8s
13:41:18  INFO      pipeline.orchestrator -- 
13:41:18  INFO      pipeline.orchestrator -- ━━━━━━━━━━━━━━━━━━━━━━━━━━━━━━━━━━━━━━━━━━━━━━━━━━━━━━━━━━━━━━━━━━━━━━━━
13:41:18  INFO      pipeline.orchestrator --   ▶ STEP 5 / 7 : A-Box RDF Generation + SHACL
13:41:18  INFO      pipeline.orchestrator -- ━━━━━━━━━━━━━━━━━━━━━━━━━━━━━━━━━━━━━━━━━━━━━━━━━━━━━━━━━━━━━━━━━━━━━━━━
13:41:18  INFO      pipeline.orchestrator --   Running: C:\Users\gourav.pattnaik\Downloads\ESL_Local-main\ESL_Local-main\.venv\Scripts\python.exe C:\Users\gourav.pattnaik\Downloads\ESL_Local-main\ESL_Local-main\scripts\step5_abox_rdf_generation.py
13:41:24  INFO      pipeline.orchestrator --   ✓ Step 5 complete in 6.4s
13:41:24  INFO      pipeline.orchestrator -- 
13:41:24  INFO      pipeline.orchestrator -- ━━━━━━━━━━━━━━━━━━━━━━━━━━━━━━━━━━━━━━━━━━━━━━━━━━━━━━━━━━━━━━━━━━━━━━━━
13:41:24  INFO      pipeline.orchestrator --   ▶ STEP 6 / 7 : Document Processing + Vector Store
13:41:24  INFO      pipeline.orchestrator -- ━━━━━━━━━━━━━━━━━━━━━━━━━━━━━━━━━━━━━━━━━━━━━━━━━━━━━━━━━━━━━━━━━━━━━━━━
13:41:24  INFO      pipeline.orchestrator --   Running: C:\Users\gourav.pattnaik\Downloads\ESL_Local-main\ESL_Local-main\.venv\Scripts\python.exe C:\Users\gourav.pattnaik\Downloads\ESL_Local-main\ESL_Local-main\scripts\step6_document_processing.py
13:44:04  INFO      pipeline.orchestrator --   ✓ Step 6 complete in 160.2s
13:44:04  INFO      pipeline.orchestrator -- 
13:44:04  INFO      pipeline.orchestrator -- ━━━━━━━━━━━━━━━━━━━━━━━━━━━━━━━━━━━━━━━━━━━━━━━━━━━━━━━━━━━━━━━━━━━━━━━━
13:44:04  INFO      pipeline.orchestrator --   ▶ STEP 7 / 7 : Graph Load (Neo4j / Neptune)
13:44:04  INFO      pipeline.orchestrator -- ━━━━━━━━━━━━━━━━━━━━━━━━━━━━━━━━━━━━━━━━━━━━━━━━━━━━━━━━━━━━━━━━━━━━━━━━
13:44:04  INFO      pipeline.orchestrator --   Running: C:\Users\gourav.pattnaik\Downloads\ESL_Local-main\ESL_Local-main\.venv\Scripts\python.exe C:\Users\gourav.pattnaik\Downloads\ESL_Local-main\ESL_Local-main\scripts\step7_graph_load.py
13:44:15  INFO      pipeline.orchestrator --   ✓ Step 7 complete in 10.8s
13:44:15  INFO      pipeline.orchestrator -- 
13:44:15  INFO      pipeline.orchestrator -- 
13:44:15  INFO      pipeline.orchestrator -- ╔══════════════════════════════════════════════════════════════════════╗
13:44:15  INFO      pipeline.orchestrator -- ║   PIPELINE SUMMARY                                                   ║
13:44:15  INFO      pipeline.orchestrator -- ╠══════════════════════════════════════════════════════════════════════╣
13:44:15  INFO      pipeline.orchestrator -- ║  Step 1: Ontology / T-Box Ingestion                 ✓ PASSED    2.5s  ║
13:44:15  INFO      pipeline.orchestrator -- ║  Step 2: Metadata Normalisation                     ✓ PASSED    2.8s  ║
13:44:15  INFO      pipeline.orchestrator -- ║  Step 3: Semantic Mapping                           ✓ PASSED    2.2s  ║
13:44:15  INFO      pipeline.orchestrator -- ║  Step 4: Entity Resolution                          ✓ PASSED    2.8s  ║
13:44:15  INFO      pipeline.orchestrator -- ║  Step 5: A-Box RDF Generation + SHACL               ✓ PASSED    6.4s  ║
13:44:15  INFO      pipeline.orchestrator -- ║  Step 6: Document Processing + Vector Store         ✓ PASSED  160.2s  ║
13:44:15  INFO      pipeline.orchestrator -- ║  Step 7: Graph Load (Neo4j / Neptune)               ✓ PASSED   10.8s  ║
13:44:15  INFO      pipeline.orchestrator -- ║                                                                      ║
13:44:15  INFO      pipeline.orchestrator -- ║  Total time: 187.7s                                                  ║
13:44:15  INFO      pipeline.orchestrator -- ╠══════════════════════════════════════════════════════════════════════╣
13:44:15  INFO      pipeline.orchestrator -- ║  ✅ ALL STEPS PASSED — Knowledge graph ready!                        ║
13:44:15  INFO      pipeline.orchestrator -- ╠══════════════════════════════════════════════════════════════════════╣
13:44:15  INFO      pipeline.orchestrator -- ║  Next: Query the pipeline —                                          ║
13:44:15  INFO      pipeline.orchestrator -- ║    python scripts/step8_query_rag.py "your question here"            ║
13:44:15  INFO      pipeline.orchestrator -- ║    Explore graph: http://localhost:7474 (Neo4j Browser)               ║
13:44:15  INFO      pipeline.orchestrator -- ╠══════════════════════════════════════════════════════════════════════╣
13:44:15  INFO      pipeline.orchestrator -- ║  Outputs in: local_bucket/                                           ║
13:44:15  INFO      pipeline.orchestrator -- ║    ontology/centree/ontology.nq                                      ║
13:44:15  INFO      pipeline.orchestrator -- ║    normalised/customers.json, accounts.json, loans.json              ║
13:44:15  INFO      pipeline.orchestrator -- ║    semantic_mapping/approved_mappings.json                           ║
13:44:15  INFO      pipeline.orchestrator -- ║    knowledge/entity_resolution/results.json                          ║
13:44:15  INFO      pipeline.orchestrator -- ║    knowledge/abox/instances.nq                                       ║
13:44:15  INFO      pipeline.orchestrator -- ║    vectorstore/chroma/                                               ║
13:44:15  INFO      pipeline.orchestrator -- ╠══════════════════════════════════════════════════════════════════════╣
13:44:15  INFO      pipeline.orchestrator -- ║  Master log: run_pipeline_20260930_134107.log                        ║
13:44:15  INFO      pipeline.orchestrator -- ╚══════════════════════════════════════════════════════════════════════╝
