11:17:21  INFO      step5.abox_rdf_generation -- ======================================================================
11:17:21  INFO      step5.abox_rdf_generation -- ESA PIPELINE — STEP 5: A-Box RDF Generation + SHACL Validation
11:17:21  INFO      step5.abox_rdf_generation -- ======================================================================
11:17:21  INFO      step5.abox_rdf_generation -- 
11:17:21  INFO      step5.abox_rdf_generation -- PURPOSE : Build RDF instance data (A-Box) from normalised records,
11:17:21  INFO      step5.abox_rdf_generation --           then validate it against SHACL shapes for data quality.
11:17:21  INFO      step5.abox_rdf_generation -- WHY     : A-Box N-Quads are the canonical form loaded into Neptune.
11:17:21  INFO      step5.abox_rdf_generation --           SHACL ensures every instance conforms to business rules
11:17:21  INFO      step5.abox_rdf_generation --           before publishing to the knowledge graph.
11:17:21  INFO      step5.abox_rdf_generation -- 
11:17:21  INFO      step5.abox_rdf_generation -- ── INPUT ────────────────────────────────────────────────────────────
11:17:21  INFO      step5.abox_rdf_generation --   Normalised dir  : C:\Users\gourav.pattnaik\Downloads\ESL_Local-main\ESL_Local-main\local_bucket\normalised
11:17:21  INFO      step5.abox_rdf_generation --   Approved maps   : C:\Users\gourav.pattnaik\Downloads\ESL_Local-main\ESL_Local-main\local_bucket\semantic_mapping\approved_mappings.json
11:17:21  INFO      step5.abox_rdf_generation --   SHACL shapes    : C:\Users\gourav.pattnaik\Downloads\ESL_Local-main\ESL_Local-main\data\shapes\ontology_shapes.ttl
11:17:21  INFO      step5.abox_rdf_generation --   SHACL validate  : YES
11:17:21  INFO      step5.abox_rdf_generation -- ────────────────────────────────────────────────────────────────────
11:17:21  INFO      step5.abox_rdf_generation -- 
11:17:21  INFO      step5.abox_rdf_generation -- ▶ Semantic Mapping audit (from Step 3):
11:17:21  INFO      step5.abox_rdf_generation --   account_id           → https://example.org/esa/accountId                       (xsd:string)
11:17:21  INFO      step5.abox_rdf_generation --   account_type         → https://example.org/esa/accountType                     (xsd:string)
11:17:21  INFO      step5.abox_rdf_generation --   amount               → https://example.org/esa/loanAmount                      (xsd:decimal)
11:17:21  INFO      step5.abox_rdf_generation --   balance              → https://example.org/esa/balance                         (xsd:decimal)
11:17:21  INFO      step5.abox_rdf_generation --   branch_id            → https://example.org/esa/registeredAt                    (IRI)
11:17:21  INFO      step5.abox_rdf_generation --   credit_score         → https://example.org/esa/creditScore                     (xsd:integer)
11:17:21  INFO      step5.abox_rdf_generation --   customer_id          → https://example.org/esa/customerId                      (xsd:string)
11:17:21  INFO      step5.abox_rdf_generation --   email                → https://example.org/esa/email                           (xsd:string)
11:17:21  INFO      step5.abox_rdf_generation --   full_name            → https://example.org/esa/fullName                        (xsd:string)
11:17:21  INFO      step5.abox_rdf_generation --   interest_rate        → https://example.org/esa/interestRate                    (xsd:decimal)
11:17:21  INFO      step5.abox_rdf_generation --   loan_id              → https://example.org/esa/loanId                          (xsd:string)
11:17:21  INFO      step5.abox_rdf_generation --   loan_type            → https://example.org/esa/loanType                        (xsd:string)
11:17:21  INFO      step5.abox_rdf_generation --   phone                → https://example.org/esa/phone                           (xsd:string)
11:17:21  INFO      step5.abox_rdf_generation --   status               → https://example.org/esa/accountStatus                   (xsd:string)
11:17:21  INFO      step5.abox_rdf_generation -- 
11:17:21  INFO      step5.abox_rdf_generation -- ▶ Loading normalised records ...
11:17:21  INFO      step5.abox_rdf_generation --   [customers] Loaded 12 records from: local_bucket\normalised\customers.json
11:17:21  INFO      step5.abox_rdf_generation --   [accounts] Loaded 12 records from: local_bucket\normalised\accounts.json
11:17:21  INFO      step5.abox_rdf_generation --   [loans] Loaded 8 records from: local_bucket\normalised\loans.json
11:17:21  INFO      step5.abox_rdf_generation -- 
11:17:21  INFO      step5.abox_rdf_generation -- ▶ Building A-Box RDF with PyOxigraph ...
11:17:21  INFO      step5.abox_rdf_generation --   Creating Customer nodes (with Branch relationships) ...
11:17:21  INFO      step5.abox_rdf_generation --   Creating Account nodes (with Customer→ownsAccount links) ...
11:17:21  INFO      step5.abox_rdf_generation --   Creating Loan nodes (with Customer→hasLoan + Loan→securedBy links) ...
11:17:21  INFO      esa.rdf -- [A-Box] Input: 12 customers, 12 accounts, 8 loans
11:17:21  INFO      esa.rdf -- [A-Box] Building Customer nodes ...
11:17:21  INFO      esa.rdf -- [A-Box]   Created Branch node: B-MAIN
11:17:21  INFO      esa.rdf -- [A-Box]   Created Branch node: B-NORTH
11:17:21  INFO      esa.rdf -- [A-Box]   Created Branch node: B-SOUTH
11:17:21  INFO      esa.rdf -- [A-Box]   Created Branch node: B-EAST
11:17:21  INFO      esa.rdf -- [A-Box] Customers processed: 12 | Branches created: 4
11:17:21  INFO      esa.rdf -- [A-Box] Building Account nodes ...
11:17:21  INFO      esa.rdf -- [A-Box] Accounts processed: 12
11:17:21  INFO      esa.rdf -- [A-Box] Building Loan nodes ...
11:17:21  INFO      esa.rdf -- [A-Box] Loans processed: 8
11:17:21  INFO      esa.rdf -- [A-Box] Output: Total 228 RDF triples built and serialised to N-Quads
11:17:21  INFO      step5.abox_rdf_generation -- 
11:17:21  INFO      step5.abox_rdf_generation -- ▶ Sample A-Box triples generated:
11:17:21  INFO      step5.abox_rdf_generation --   Sample triples (first 8 of 228):
11:17:21  INFO      step5.abox_rdf_generation --     <https://example.org/esa/loan/L008> <https://example.org/esa/securedBy> <https://example.org/esa/account/A103> .
11:17:21  INFO      step5.abox_rdf_generation --     <https://example.org/esa/customer/C012> <https://example.org/esa/hasLoan> <https://example.org/esa/loan/L008> .
11:17:21  INFO      step5.abox_rdf_generation --     <https://example.org/esa/loan/L008> <https://example.org/esa/interestRate> "7.8"^^<http://www.w3.org/2001/XMLSchema#deci
11:17:21  INFO      step5.abox_rdf_generation --     <https://example.org/esa/loan/L008> <https://example.org/esa/loanAmount> "3500000"^^<http://www.w3.org/2001/XMLSchema#de
11:17:21  INFO      step5.abox_rdf_generation --     <https://example.org/esa/loan/L008> <https://example.org/esa/loanStatus> "Active" .
11:17:21  INFO      step5.abox_rdf_generation --     <https://example.org/esa/loan/L008> <https://example.org/esa/loanType> "Home" .
11:17:21  INFO      step5.abox_rdf_generation --     <https://example.org/esa/loan/L008> <https://example.org/esa/loanId> "L008" .
11:17:21  INFO      step5.abox_rdf_generation --     <https://example.org/esa/loan/L008> <http://www.w3.org/1999/02/22-rdf-syntax-ns#type> <https://example.org/esa/Loan> .
11:17:21  INFO      step5.abox_rdf_generation -- 
11:17:21  INFO      step5.abox_rdf_generation -- ▶ Running SHACL validation ...
11:17:21  INFO      step5.abox_rdf_generation --   Shapes file: data/shapes/ontology_shapes.ttl
11:17:21  INFO      esa.rdf -- [SHACL] Input: A-Box N-Quads in-memory + shapes file → data/shapes/ontology_shapes.ttl
11:17:26  INFO      esa.rdf -- [SHACL] Output: conforms=True
11:17:26  INFO      step5.abox_rdf_generation --   ✓ SHACL PASSED — A-Box conforms to all shapes
11:17:26  INFO      step5.abox_rdf_generation -- 
11:17:26  INFO      step5.abox_rdf_generation -- ▶ Writing A-Box N-Quads to local bucket ...
11:17:26  INFO      step5.abox_rdf_generation -- 
11:17:26  INFO      step5.abox_rdf_generation -- ── OUTPUT ───────────────────────────────────────────────────────────
11:17:26  INFO      step5.abox_rdf_generation --   A-Box N-Quads file : C:\Users\gourav.pattnaik\Downloads\ESL_Local-main\ESL_Local-main\local_bucket\knowledge\abox\instances.nq
11:17:26  INFO      step5.abox_rdf_generation --   Total RDF triples  : 228
11:17:26  INFO      step5.abox_rdf_generation --   File size          : 24095 bytes
11:17:26  INFO      step5.abox_rdf_generation --   SHACL result       : PASSED
11:17:26  INFO      step5.abox_rdf_generation --   AWS equivalents    :
11:17:26  INFO      step5.abox_rdf_generation --     s3://<bucket>/knowledge/abox/instances.nq   (S3 A-Box)
11:17:26  INFO      step5.abox_rdf_generation --     Neptune bulk load → SPARQL endpoint ready
11:17:26  INFO      step5.abox_rdf_generation -- ────────────────────────────────────────────────────────────────────
11:17:26  INFO      step5.abox_rdf_generation -- 
11:17:26  INFO      step5.abox_rdf_generation -- ✅ Step 5 COMPLETE — A-Box RDF generated and written.
11:17:26  INFO      step5.abox_rdf_generation --    Next step → Run: python scripts/step6_document_processing.py
11:17:26  INFO      step5.abox_rdf_generation --    Log saved → C:\Users\gourav.pattnaik\Downloads\ESL_Local-main\ESL_Local-main\logs\step5_abox_rdf_20260930_111720.log
