13:41:12  INFO      step2.metadata_normalisation -- ======================================================================
13:41:12  INFO      step2.metadata_normalisation -- ESA PIPELINE — STEP 2: Metadata Normalisation
13:41:12  INFO      step2.metadata_normalisation -- ======================================================================
13:41:12  INFO      step2.metadata_normalisation -- 
13:41:12  INFO      step2.metadata_normalisation -- PURPOSE : Standardise raw field names, coerce types, and validate
13:41:12  INFO      step2.metadata_normalisation --           required fields before semantic mapping to the ontology.
13:41:13  INFO      step2.metadata_normalisation -- WHY     : Semantic Mapping (Step 3) requires canonical field names.
13:41:13  INFO      step2.metadata_normalisation --           Collibra provides the business glossary; we simulate its
13:41:13  INFO      step2.metadata_normalisation --           synonym lookups via the FIELD_MAP dictionaries above.
13:41:13  INFO      step2.metadata_normalisation -- 
13:41:13  INFO      step2.metadata_normalisation -- ── INPUT ────────────────────────────────────────────────────────────
13:41:13  INFO      step2.metadata_normalisation --   Records directory : C:\Users\gourav.pattnaik\Downloads\ESL_Local-main\ESL_Local-main\data\records
13:41:13  INFO      step2.metadata_normalisation -- ────────────────────────────────────────────────────────────────────
13:41:13  INFO      step2.metadata_normalisation -- 
13:41:13  INFO      step2.metadata_normalisation -- ▶ Loading raw source records ...
13:41:13  INFO      step2.metadata_normalisation -- [Load][customers] Loaded 12 raw records from customers.json
13:41:13  INFO      step2.metadata_normalisation -- [Load][accounts] Loaded 12 raw records from accounts.json
13:41:13  INFO      step2.metadata_normalisation -- [Load][loans] Loaded 8 raw records from loans.json
13:41:13  INFO      step2.metadata_normalisation -- 
13:41:13  INFO      step2.metadata_normalisation -- ▶ Normalising Customer records ...
13:41:13  INFO      step2.metadata_normalisation -- [Normalise][customers] Input: 12 raw records
13:41:13  INFO      step2.metadata_normalisation -- [Normalise][customers] Output: 12 valid records | 0 invalid (dropped)
13:41:13  INFO      step2.metadata_normalisation -- 
13:41:13  INFO      step2.metadata_normalisation -- ▶ Normalising Account records ...
13:41:13  INFO      step2.metadata_normalisation -- [Normalise][accounts] Input: 12 raw records
13:41:13  INFO      step2.metadata_normalisation -- [Normalise][accounts] Output: 12 valid records | 0 invalid (dropped)
13:41:13  INFO      step2.metadata_normalisation -- 
13:41:13  INFO      step2.metadata_normalisation -- ▶ Normalising Loan records ...
13:41:13  INFO      step2.metadata_normalisation -- [Normalise][loans] Input: 8 raw records
13:41:13  INFO      step2.metadata_normalisation -- [Normalise][loans] Output: 8 valid records | 0 invalid (dropped)
13:41:13  INFO      step2.metadata_normalisation -- 
13:41:13  INFO      step2.metadata_normalisation -- ▶ Writing normalised records to local bucket ...
13:41:13  INFO      step2.metadata_normalisation -- 
13:41:13  INFO      step2.metadata_normalisation -- ── OUTPUT ───────────────────────────────────────────────────────────
13:41:13  INFO      step2.metadata_normalisation --   Customers  : 12 records → C:\Users\gourav.pattnaik\Downloads\ESL_Local-main\ESL_Local-main\local_bucket\normalised\customers.json
13:41:13  INFO      step2.metadata_normalisation --   Accounts   : 12 records → C:\Users\gourav.pattnaik\Downloads\ESL_Local-main\ESL_Local-main\local_bucket\normalised\accounts.json
13:41:13  INFO      step2.metadata_normalisation --   Loans      : 8 records → C:\Users\gourav.pattnaik\Downloads\ESL_Local-main\ESL_Local-main\local_bucket\normalised\loans.json
13:41:13  INFO      step2.metadata_normalisation --   Total invalid rows dropped: 0
13:41:13  INFO      step2.metadata_normalisation --   AWS equivalent: s3://<bucket>/normalised/
13:41:13  INFO      step2.metadata_normalisation -- ────────────────────────────────────────────────────────────────────
13:41:13  INFO      step2.metadata_normalisation -- 
13:41:13  INFO      step2.metadata_normalisation -- ✅ Step 2 COMPLETE — Metadata normalised and written to local bucket.
13:41:13  INFO      step2.metadata_normalisation --    Next step → Run: python scripts/step3_semantic_mapping.py
13:41:13  INFO      step2.metadata_normalisation --    Log saved → C:\Users\gourav.pattnaik\Downloads\ESL_Local-main\ESL_Local-main\logs\step2_metadata_norm_20260930_134112.log
