08:24:36  INFO      step5.abox_rdf_generation -- ======================================================================
08:24:36  INFO      step5.abox_rdf_generation -- ESA PIPELINE — STEP 5: A-Box RDF Generation + SHACL Validation
08:24:36  INFO      step5.abox_rdf_generation -- ======================================================================
08:24:36  INFO      step5.abox_rdf_generation -- 
08:24:36  INFO      step5.abox_rdf_generation -- PURPOSE : Build RDF instance data (A-Box) from normalised records,
08:24:36  INFO      step5.abox_rdf_generation --           then validate it against SHACL shapes for data quality.
08:24:36  INFO      step5.abox_rdf_generation -- WHY     : A-Box N-Quads are the canonical form loaded into Neptune.
08:24:36  INFO      step5.abox_rdf_generation --           SHACL ensures every instance conforms to business rules
08:24:36  INFO      step5.abox_rdf_generation --           before publishing to the knowledge graph.
08:24:36  INFO      step5.abox_rdf_generation -- 
08:24:36  INFO      step5.abox_rdf_generation -- ── INPUT ────────────────────────────────────────────────────────────
08:24:36  INFO      step5.abox_rdf_generation --   Normalised dir  : D:\Semantic_Layer\local_bucket\normalised
08:24:36  INFO      step5.abox_rdf_generation --   Approved maps   : D:\Semantic_Layer\local_bucket\semantic_mapping\approved_mappings.json
08:24:36  INFO      step5.abox_rdf_generation --   SHACL shapes    : D:\Semantic_Layer\data\shapes\ontology_shapes.ttl
08:24:36  INFO      step5.abox_rdf_generation --   SHACL validate  : NO (--skip-shacl)
08:24:36  INFO      step5.abox_rdf_generation -- ────────────────────────────────────────────────────────────────────
08:24:36  INFO      step5.abox_rdf_generation -- 
08:24:36  INFO      step5.abox_rdf_generation -- ▶ Semantic Mapping audit (from Step 3):
08:24:36  INFO      step5.abox_rdf_generation --   account_id           → https://example.org/esa/accountId                       (xsd:string)
08:24:36  INFO      step5.abox_rdf_generation --   account_type         → https://example.org/esa/accountType                     (xsd:string)
08:24:36  INFO      step5.abox_rdf_generation --   amount               → https://example.org/esa/loanAmount                      (xsd:decimal)
08:24:36  INFO      step5.abox_rdf_generation --   balance              → https://example.org/esa/balance                         (xsd:decimal)
08:24:36  INFO      step5.abox_rdf_generation --   branch_id            → https://example.org/esa/registeredAt                    (IRI)
08:24:36  INFO      step5.abox_rdf_generation --   credit_score         → https://example.org/esa/creditScore                     (xsd:integer)
08:24:36  INFO      step5.abox_rdf_generation --   customer_id          → https://example.org/esa/customerId                      (xsd:string)
08:24:36  INFO      step5.abox_rdf_generation --   email                → https://example.org/esa/email                           (xsd:string)
08:24:36  INFO      step5.abox_rdf_generation --   full_name            → https://example.org/esa/fullName                        (xsd:string)
08:24:36  INFO      step5.abox_rdf_generation --   interest_rate        → https://example.org/esa/interestRate                    (xsd:decimal)
08:24:36  INFO      step5.abox_rdf_generation --   loan_id              → https://example.org/esa/loanId                          (xsd:string)
08:24:36  INFO      step5.abox_rdf_generation --   loan_type            → https://example.org/esa/loanType                        (xsd:string)
08:24:36  INFO      step5.abox_rdf_generation --   phone                → https://example.org/esa/phone                           (xsd:string)
08:24:36  INFO      step5.abox_rdf_generation --   status               → https://example.org/esa/accountStatus                   (xsd:string)
08:24:36  INFO      step5.abox_rdf_generation -- 
08:24:36  INFO      step5.abox_rdf_generation -- ▶ Loading normalised records ...
08:24:36  INFO      step5.abox_rdf_generation --   [customers] Loaded 12 records from: local_bucket\normalised\customers.json
08:24:36  INFO      step5.abox_rdf_generation --   [accounts] Loaded 12 records from: local_bucket\normalised\accounts.json
08:24:36  INFO      step5.abox_rdf_generation --   [loans] Loaded 8 records from: local_bucket\normalised\loans.json
08:24:36  INFO      step5.abox_rdf_generation -- 
08:24:36  INFO      step5.abox_rdf_generation -- ▶ Building A-Box RDF with PyOxigraph ...
08:24:36  INFO      step5.abox_rdf_generation --   Creating Customer nodes (with Branch relationships) ...
08:24:36  INFO      step5.abox_rdf_generation --   Creating Account nodes (with Customer→ownsAccount links) ...
08:24:36  INFO      step5.abox_rdf_generation --   Creating Loan nodes (with Customer→hasLoan + Loan→securedBy links) ...
08:24:36  INFO      esa.rdf -- [A-Box] Input: 12 customers, 12 accounts, 8 loans
08:24:36  INFO      esa.rdf -- [A-Box] Building Customer nodes ...
08:24:36  INFO      esa.rdf -- [A-Box]   Created Branch node: B-MAIN
08:24:36  INFO      esa.rdf -- [A-Box]   Created Branch node: B-NORTH
08:24:36  INFO      esa.rdf -- [A-Box]   Created Branch node: B-SOUTH
08:24:36  INFO      esa.rdf -- [A-Box]   Created Branch node: B-EAST
08:24:36  INFO      esa.rdf -- [A-Box] Customers processed: 12 | Branches created: 4
08:24:36  INFO      esa.rdf -- [A-Box] Building Account nodes ...
08:24:36  INFO      esa.rdf -- [A-Box] Accounts processed: 12
08:24:36  INFO      esa.rdf -- [A-Box] Building Loan nodes ...
08:24:36  INFO      esa.rdf -- [A-Box] Loans processed: 8
08:24:36  INFO      esa.rdf -- [A-Box] Output: Total 228 RDF triples built and serialised to N-Quads
08:24:36  INFO      step5.abox_rdf_generation -- 
08:24:36  INFO      step5.abox_rdf_generation -- ▶ Sample A-Box triples generated:
08:24:36  INFO      step5.abox_rdf_generation --   Sample triples (first 8 of 228):
08:24:36  INFO      step5.abox_rdf_generation --     <https://example.org/esa/loan/L008> <https://example.org/esa/securedBy> <https://example.org/esa/account/A103> .
08:24:36  INFO      step5.abox_rdf_generation --     <https://example.org/esa/customer/C012> <https://example.org/esa/hasLoan> <https://example.org/esa/loan/L008> .
08:24:36  INFO      step5.abox_rdf_generation --     <https://example.org/esa/loan/L008> <https://example.org/esa/interestRate> "7.8"^^<http://www.w3.org/2001/XMLSchema#deci
08:24:36  INFO      step5.abox_rdf_generation --     <https://example.org/esa/loan/L008> <https://example.org/esa/loanAmount> "3500000"^^<http://www.w3.org/2001/XMLSchema#de
08:24:36  INFO      step5.abox_rdf_generation --     <https://example.org/esa/loan/L008> <https://example.org/esa/loanStatus> "Active" .
08:24:36  INFO      step5.abox_rdf_generation --     <https://example.org/esa/loan/L008> <https://example.org/esa/loanType> "Home" .
08:24:36  INFO      step5.abox_rdf_generation --     <https://example.org/esa/loan/L008> <https://example.org/esa/loanId> "L008" .
08:24:36  INFO      step5.abox_rdf_generation --     <https://example.org/esa/loan/L008> <http://www.w3.org/1999/02/22-rdf-syntax-ns#type> <https://example.org/esa/Loan> .
08:24:36  INFO      step5.abox_rdf_generation --   ℹ SHACL validation skipped (--skip-shacl flag)
08:24:36  INFO      step5.abox_rdf_generation -- 
08:24:36  INFO      step5.abox_rdf_generation -- ▶ Writing A-Box N-Quads to local bucket ...
08:24:36  INFO      step5.abox_rdf_generation -- 
08:24:36  INFO      step5.abox_rdf_generation -- ── OUTPUT ───────────────────────────────────────────────────────────
08:24:36  INFO      step5.abox_rdf_generation --   A-Box N-Quads file : D:\Semantic_Layer\local_bucket\knowledge\abox\instances.nq
08:24:36  INFO      step5.abox_rdf_generation --   Total RDF triples  : 228
08:24:36  INFO      step5.abox_rdf_generation --   File size          : 24095 bytes
08:24:36  INFO      step5.abox_rdf_generation --   SHACL result       : SKIPPED
08:24:36  INFO      step5.abox_rdf_generation --   AWS equivalents    :
08:24:36  INFO      step5.abox_rdf_generation --     s3://<bucket>/knowledge/abox/instances.nq   (S3 A-Box)
08:24:36  INFO      step5.abox_rdf_generation --     Neptune bulk load → SPARQL endpoint ready
08:24:36  INFO      step5.abox_rdf_generation -- ────────────────────────────────────────────────────────────────────
08:24:36  INFO      step5.abox_rdf_generation -- 
08:24:36  INFO      step5.abox_rdf_generation -- ✅ Step 5 COMPLETE — A-Box RDF generated and written.
08:24:36  INFO      step5.abox_rdf_generation --    Next step → Run: python scripts/step6_document_processing.py
08:24:36  INFO      step5.abox_rdf_generation --    Log saved → D:\Semantic_Layer\logs\step5_abox_rdf_20260929_082436.log
