08:57:55  INFO      step4.entity_resolution --   Using normalised customers from Step 2: local_bucket\normalised\customers.json
08:57:55  INFO      step4.entity_resolution -- ======================================================================
08:57:55  INFO      step4.entity_resolution -- ESA PIPELINE — STEP 4: Entity Resolution
08:57:55  INFO      step4.entity_resolution -- ======================================================================
08:57:55  INFO      step4.entity_resolution -- 
08:57:55  INFO      step4.entity_resolution -- PURPOSE : Determine which records refer to the same real-world entity.
08:57:55  INFO      step4.entity_resolution -- WHY     : Prevents duplicate customer nodes in the A-Box RDF graph.
08:57:55  INFO      step4.entity_resolution --           Strong ID matching is safe; fuzzy names only flag for review.
08:57:55  INFO      step4.entity_resolution --           (Architecture example: 'Ravi', 'R. Kumar', 'Ravi Kumar')
08:57:55  INFO      step4.entity_resolution -- THRESHOLD: 96% name similarity triggers a review candidate flag
08:57:55  INFO      step4.entity_resolution -- 
08:57:55  INFO      step4.entity_resolution -- ── INPUT ────────────────────────────────────────────────────────────
08:57:55  INFO      step4.entity_resolution --   Customers file : D:\Semantic_Layer\local_bucket\normalised\customers.json
08:57:55  INFO      step4.entity_resolution --   File exists    : True
08:57:55  INFO      step4.entity_resolution -- ────────────────────────────────────────────────────────────────────
08:57:55  INFO      step4.entity_resolution --   Loaded 12 customer records
08:57:55  INFO      step4.entity_resolution -- 
08:57:55  INFO      step4.entity_resolution -- ▶ Running Entity Resolution ...
08:57:55  INFO      step4.entity_resolution --   Phase 1: Strong ID matching (customer_id key) ...
08:57:55  INFO      step4.entity_resolution --   Phase 2: Fuzzy name scan (threshold=96%) ...
08:57:55  INFO      esa.entity_resolution -- [EntityResolution] Input: 12 customer records to process
08:57:55  INFO      esa.entity_resolution -- [EntityResolution] Canonical entities formed: 12
08:57:55  INFO      esa.entity_resolution -- [EntityResolution] Scanning for fuzzy name-match candidates (threshold=96%) ...
08:57:55  WARNING   esa.entity_resolution -- [EntityResolution]   CANDIDATE: 'Gourav Pattnaik' (C001) ↔ 'Gourav Patnaik' (C005) — similarity=96% → flagged for MANUAL REVIEW
08:57:55  INFO      esa.entity_resolution -- [EntityResolution] Output: 12 canonical entities | 12 decisions | 1 review candidates
08:57:55  INFO      step4.entity_resolution -- 
08:57:55  INFO      step4.entity_resolution -- ── OUTPUT ───────────────────────────────────────────────────────────
08:57:55  INFO      step4.entity_resolution --   Canonical entities formed : 12
08:57:55  INFO      step4.entity_resolution --   Identity decisions logged : 12
08:57:55  INFO      step4.entity_resolution --   Review candidates flagged : 1
08:57:55  WARNING   step4.entity_resolution -- 
08:57:55  WARNING   step4.entity_resolution --   ⚠ REVIEW REQUIRED for the following candidate pairs:
08:57:55  WARNING   step4.entity_resolution --     'Gourav Pattnaik' (C001) ↔ 'Gourav Patnaik' (C005) — similarity=96%
08:57:55  WARNING   step4.entity_resolution -- 
08:57:55  WARNING   step4.entity_resolution --   Action: Inspect results.json and update SEMANTIC_MAPPING_TABLE if merge is confirmed.
08:57:55  INFO      step4.entity_resolution --   ER results file    : D:\Semantic_Layer\local_bucket\knowledge\entity_resolution\results.json
08:57:55  INFO      step4.entity_resolution --   AWS equivalent     : s3://<bucket>/knowledge/entity_resolution/results.json
08:57:55  INFO      step4.entity_resolution -- ────────────────────────────────────────────────────────────────────
08:57:55  INFO      step4.entity_resolution -- 
08:57:55  INFO      step4.entity_resolution -- ✅ Step 4 COMPLETE — Entity resolution results written.
08:57:55  INFO      step4.entity_resolution --    Next step → Run: python scripts/step5_abox_rdf_generation.py
08:57:55  INFO      step4.entity_resolution --    Log saved → D:\Semantic_Layer\logs\step4_entity_resolution_20260929_085755.log
