17:06:44  INFO      step1.ontology_tbox -- ======================================================================
17:06:44  INFO      step1.ontology_tbox -- ESA PIPELINE — STEP 1: Ontology / T-Box Ingestion
17:06:44  INFO      step1.ontology_tbox -- ======================================================================
17:06:44  INFO      step1.ontology_tbox -- 
17:06:44  INFO      step1.ontology_tbox -- PURPOSE : Parse the CENtree ontology Turtle file into RDF N-Quads.
17:06:44  INFO      step1.ontology_tbox -- WHY     : T-Box (vocabulary/schema) must be loaded before A-Box
17:06:44  INFO      step1.ontology_tbox --           (instance data) so Neptune can validate class/property usage.
17:06:44  INFO      step1.ontology_tbox -- 
17:06:44  INFO      step1.ontology_tbox -- ── INPUT ────────────────────────────────────────────────────────────
17:06:44  INFO      step1.ontology_tbox --   Ontology Turtle file : C:\Users\gourav.pattnaik\Downloads\ESL_Local-main\ESL_Local-main\data\centree\ontology.ttl
17:06:44  INFO      step1.ontology_tbox --   File exists          : True
17:06:44  INFO      step1.ontology_tbox -- ────────────────────────────────────────────────────────────────────
17:06:44  INFO      step1.ontology_tbox -- 
17:06:44  INFO      step1.ontology_tbox -- ▶ Parsing Turtle ontology with PyOxigraph ...
17:06:44  INFO      esa.rdf -- [T-Box] Input: Turtle ontology file → data\centree\ontology.ttl
17:06:44  INFO      esa.rdf -- [T-Box] Output: 86 RDF triples serialised to N-Quads (in-memory, ready to write)
17:06:44  INFO      step1.ontology_tbox --   ✓ Parsed 86 RDF triples from ontology
17:06:44  INFO      step1.ontology_tbox --   ℹ SHACL validation skipped (pass --validate-shacl to enable)
17:06:44  INFO      step1.ontology_tbox -- 
17:06:44  INFO      step1.ontology_tbox -- ▶ Writing N-Quads to local bucket ...
17:06:44  INFO      step1.ontology_tbox -- 
17:06:44  INFO      step1.ontology_tbox -- ── OUTPUT ───────────────────────────────────────────────────────────
17:06:44  INFO      step1.ontology_tbox --   N-Quads file   : C:\Users\gourav.pattnaik\Downloads\ESL_Local-main\ESL_Local-main\local_bucket\ontology\centree\ontology.nq
17:06:44  INFO      step1.ontology_tbox --   Triple count   : 86
17:06:44  INFO      step1.ontology_tbox --   File size      : 10156 bytes
17:06:44  INFO      step1.ontology_tbox --   AWS equivalent : s3://<bucket>/ontology/centree/ontology.nq
17:06:44  INFO      step1.ontology_tbox -- ────────────────────────────────────────────────────────────────────
17:06:44  INFO      step1.ontology_tbox -- 
17:06:44  INFO      step1.ontology_tbox -- ✅ Step 1 COMPLETE — T-Box N-Quads written successfully.
17:06:44  INFO      step1.ontology_tbox --    Next step → Run: python scripts/step2_metadata_normalisation.py
17:06:44  INFO      step1.ontology_tbox --    Log saved → C:\Users\gourav.pattnaik\Downloads\ESL_Local-main\ESL_Local-main\logs\step1_ontology_20260929_170644.log
