17:06:46  INFO      step2.metadata_normalisation -- ======================================================================
17:06:46  INFO      step2.metadata_normalisation -- ESA PIPELINE — STEP 2: Metadata Normalisation
17:06:46  INFO      step2.metadata_normalisation -- ======================================================================
17:06:46  INFO      step2.metadata_normalisation -- 
17:06:46  INFO      step2.metadata_normalisation -- PURPOSE : Standardise raw field names, coerce types, and validate
17:06:46  INFO      step2.metadata_normalisation --           required fields before semantic mapping to the ontology.
17:06:46  INFO      step2.metadata_normalisation -- WHY     : Semantic Mapping (Step 3) requires canonical field names.
17:06:46  INFO      step2.metadata_normalisation --           Collibra provides the business glossary; we simulate its
17:06:46  INFO      step2.metadata_normalisation --           synonym lookups via the FIELD_MAP dictionaries above.
17:06:46  INFO      step2.metadata_normalisation -- 
17:06:46  INFO      step2.metadata_normalisation -- ── INPUT ────────────────────────────────────────────────────────────
17:06:46  INFO      step2.metadata_normalisation --   Records directory : C:\Users\gourav.pattnaik\Downloads\ESL_Local-main\ESL_Local-main\data\records
17:06:46  INFO      step2.metadata_normalisation -- ────────────────────────────────────────────────────────────────────
17:06:46  INFO      step2.metadata_normalisation -- 
17:06:46  INFO      step2.metadata_normalisation -- ▶ Loading raw source records ...
17:06:46  INFO      step2.metadata_normalisation -- [Load][customers] Loaded 12 raw records from customers.json
17:06:46  INFO      step2.metadata_normalisation -- [Load][accounts] Loaded 12 raw records from accounts.json
17:06:46  INFO      step2.metadata_normalisation -- [Load][loans] Loaded 8 raw records from loans.json
17:06:46  INFO      step2.metadata_normalisation -- 
17:06:46  INFO      step2.metadata_normalisation -- ▶ Normalising Customer records ...
17:06:46  INFO      step2.metadata_normalisation -- [Normalise][customers] Input: 12 raw records
17:06:46  INFO      step2.metadata_normalisation -- [Normalise][customers] Output: 12 valid records | 0 invalid (dropped)
17:06:46  INFO      step2.metadata_normalisation -- 
17:06:46  INFO      step2.metadata_normalisation -- ▶ Normalising Account records ...
17:06:46  INFO      step2.metadata_normalisation -- [Normalise][accounts] Input: 12 raw records
17:06:46  INFO      step2.metadata_normalisation -- [Normalise][accounts] Output: 12 valid records | 0 invalid (dropped)
17:06:46  INFO      step2.metadata_normalisation -- 
17:06:46  INFO      step2.metadata_normalisation -- ▶ Normalising Loan records ...
17:06:46  INFO      step2.metadata_normalisation -- [Normalise][loans] Input: 8 raw records
17:06:46  INFO      step2.metadata_normalisation -- [Normalise][loans] Output: 8 valid records | 0 invalid (dropped)
17:06:46  INFO      step2.metadata_normalisation -- 
17:06:46  INFO      step2.metadata_normalisation -- ▶ Writing normalised records to local bucket ...
17:06:46  INFO      step2.metadata_normalisation -- 
17:06:46  INFO      step2.metadata_normalisation -- ── OUTPUT ───────────────────────────────────────────────────────────
17:06:46  INFO      step2.metadata_normalisation --   Customers  : 12 records → C:\Users\gourav.pattnaik\Downloads\ESL_Local-main\ESL_Local-main\local_bucket\normalised\customers.json
17:06:46  INFO      step2.metadata_normalisation --   Accounts   : 12 records → C:\Users\gourav.pattnaik\Downloads\ESL_Local-main\ESL_Local-main\local_bucket\normalised\accounts.json
17:06:46  INFO      step2.metadata_normalisation --   Loans      : 8 records → C:\Users\gourav.pattnaik\Downloads\ESL_Local-main\ESL_Local-main\local_bucket\normalised\loans.json
17:06:46  INFO      step2.metadata_normalisation --   Total invalid rows dropped: 0
17:06:46  INFO      step2.metadata_normalisation --   AWS equivalent: s3://<bucket>/normalised/
17:06:46  INFO      step2.metadata_normalisation -- ────────────────────────────────────────────────────────────────────
17:06:46  INFO      step2.metadata_normalisation -- 
17:06:46  INFO      step2.metadata_normalisation -- ✅ Step 2 COMPLETE — Metadata normalised and written to local bucket.
17:06:46  INFO      step2.metadata_normalisation --    Next step → Run: python scripts/step3_semantic_mapping.py
17:06:46  INFO      step2.metadata_normalisation --    Log saved → C:\Users\gourav.pattnaik\Downloads\ESL_Local-main\ESL_Local-main\logs\step2_metadata_norm_20260929_170645.log
